hello world
test hell
loop
0 hello world
1 test hell
2 loop
0 hello world
1 test hell
2 loop
